---
source: crustrace-mermaid/tests/escaping_slices.rs
expression: layer.render()
---
flowchart TD
subgraph Params1[" "]
  P2_0["name = document"]:::data
  P2_1["avro_schema = &#91;&quot;field1&quot;, &quot;field2&quot;]"]:::data
  P2_0 --- P2_1
  P2_2["record_stack = &#91;&quot;document&quot;]"]:::data
  P2_1 --- P2_2
end
F1["slice_cases()"]:::func
Params1 --> F1
subgraph Params2[" "]
  P3_0["name = empty_case"]:::data
  P3_1["avro_schema = &#91;]"]:::data
  P3_0 --- P3_1
  P3_2["record_stack = &#91;]"]:::data
  P3_1 --- P3_2
end
F2["slice_cases()"]:::func
Params2 --> F2

classDef func fill:#c6f6d5,stroke:#2f855a,stroke-width:2px,color:#22543d;
classDef data fill:#bee3f8,stroke:#2b6cb0,stroke-width:1.5px,color:#1a365d;
classDef params fill:none,stroke:#e53e3e,stroke-width:2px,color:#742a2a;
class Params1,Params2 params;
