---
source: crustrace-core/tests/basic.rs
expression: apply_trace_all(input)
---
mod calculations {
    #[tracing::instrument(level = "info", ret)]
    pub fn fibonacci(n: u64) -> u64 {
        if n <= 1 {
            n
        } else {
            add_numbers(fibonacci(n - 1), fibonacci(n - 2))
        }
    }
    #[tracing::instrument(level = "info", ret)]
    fn add_numbers(a: u64, b: u64) -> u64 {
        a + b
    }
}
