---
source: crustrace-core/tests/basic.rs
expression: apply_trace_all(input)
---
impl<T> Container<T>
where
    T: Clone + std::fmt::Debug,
{
    pub fn new(value: T) -> Self {
        let __tracing_attr_span = tracing::span!(tracing::Level::INFO, "new");
        let __tracing_attr_guard = __tracing_attr_span.enter();
        {
            Self { inner: value }
        }
    }
    pub fn get(&self) -> &T {
        let __tracing_attr_span = tracing::span!(tracing::Level::INFO, "get");
        let __tracing_attr_guard = __tracing_attr_span.enter();
        {
            &self.inner
        }
    }
    pub fn set(&mut self, new_value: T) {
        let __tracing_attr_span = tracing::span!(tracing::Level::INFO, "set");
        let __tracing_attr_guard = __tracing_attr_span.enter();
        {
            self.inner = new_value;
        }
    }
}
